[Licensing::Module] Trying to connect to existing licensing client channel...
Built from '6000.4/staging' branch; Version is '6000.4.1f1 (8535861f39e1) revision 8729990'; Using compiler version '194234433'; Build Type 'Release'
[Licensing::IpcConnector] Successfully connected to: "LicenseClient-a2112" at "2026-04-12T12:37:06.0128863Z"
OS: 'Windows 11  (10.0.26200) CoreSingleLanguage' Language: 'vi' Physical Memory: 16011 MB
BatchMode: 1, IsHumanControllingUs: 0, StartBugReporterOnCrash: 0, Is64bit: 1
System  architecture: x64
Process architecture: x64
Date: 2026-04-12T12:37:06Z

COMMAND LINE ARGUMENTS:
C:\Program Files\Unity\Hub\Editor\6000.4.1f1\Editor\Unity.exe
-adb2
-batchMode
-noUpm
-name
AssetImportWorker2
-projectPath
D:/Dai hoc dung hc dai ss2/unity/CocKienTroi/Cóc kiện trời
-logFile
Logs/AssetImportWorker2.log
-srvPort
61260
-licensingIpc
LicenseClient-a2112
-force-d3d12
-job-worker-count
9
-background-job-worker-count
8
-gc-helper-count
1
-name
AssetImport
Successfully changed project path to: D:/Dai hoc dung hc dai ss2/unity/CocKienTroi/Cóc kiện trời
D:/Dai hoc dung hc dai ss2/unity/CocKienTroi/Cóc kiện trời
[UnityMemory] Configuration Parameters - Can be set up in boot.config
    "memorysetup-temp-allocator-size-gi-baking-worker=262144"
    "memorysetup-temp-allocator-size-gi-baking-worker=262144"
    "memorysetup-temp-allocator-size-gi-baking-worker=262144"
    "memorysetup-temp-allocator-size-gi-baking-worker=262144"
    "memorysetup-temp-allocator-size-gi-baking-worker=262144"
    "memorysetup-temp-allocator-size-nav-mesh-worker=65536"
    "memorysetup-temp-allocator-size-audio-worker=65536"
    "memorysetup-temp-allocator-size-cloud-worker=32768"
    "memorysetup-temp-allocator-size-gfx=262144"
    "memorysetup-temp-allocator-size-preload-manager=33554432"
    "memorysetup-temp-allocator-size-job-worker=262144"
    "memorysetup-temp-allocator-size-background-worker=32768"
    "memorysetup-allocator-temp-initial-block-size-main=262144"
    "memorysetup-allocator-temp-initial-block-size-worker=262144"
    "memorysetup-bucket-allocator-granularity=16"
    "memorysetup-bucket-allocator-bucket-count=8"
    "memorysetup-bucket-allocator-block-size=33554432"
    "memorysetup-bucket-allocator-block-count=8"
    "memorysetup-main-allocator-block-size=16777216"
    "memorysetup-thread-allocator-block-size=16777216"
    "memorysetup-gfx-main-allocator-block-size=16777216"
    "memorysetup-gfx-thread-allocator-block-size=16777216"
    "memorysetup-cache-allocator-block-size=4194304"
    "memorysetup-typetree-allocator-block-size=2097152"
    "memorysetup-profiler-bucket-allocator-granularity=16"
    "memorysetup-profiler-bucket-allocator-bucket-count=8"
    "memorysetup-profiler-bucket-allocator-block-size=33554432"
    "memorysetup-profiler-bucket-allocator-block-count=8"
    "memorysetup-profiler-allocator-block-size=16777216"
    "memorysetup-profiler-editor-allocator-block-size=1048576"
    "memorysetup-temp-allocator-size-main=16777216"
    "memorysetup-job-temp-allocator-block-size=2097152"
    "memorysetup-job-temp-allocator-block-size-background=1048576"
    "memorysetup-job-temp-allocator-reduction-small-platforms=262144"
Player connection [6516]  Target information:

Player connection [6516]  * "[IP] 192.168.1.151 [Port] 0 [Flags] 2 [Guid] 2024931534 [EditorId] 2024931534 [Version] 1048832 [Id] WindowsEditor(7,Kang) [Debug] 1 [PackageName] WindowsEditor [ProjectName] Editor" 

Player connection [6516] Host joined multi-casting on [225.0.0.222:54997]...
Player connection [6516] Host joined alternative multi-casting on [225.0.0.222:34997]...
JobSystem: Creating JobQueue using job-worker-count value 9
Input System module state changed to: Initialized.
[Physics::Module] Initialized fallback backend.
[Physics::Module] Id: 0xdecafbad
Library Redirect Path: Library/
[Physics::Module] Selected backend.
[Physics::Module] Name: PhysX
[Physics::Module] Id: 0xf2b8ea05
[Physics::Module] SDK Version: 4.1.2
[Physics::Module] Integration Version: 1.0.0
[Physics::Module] Threading Mode: Multi-Threaded
Refreshing native plugins compatible for Editor in 4.92 ms, found 4 plugins.
Initialize engine version: 6000.4.1f1 (8535861f39e1)
[Subsystems] Discovering subsystems at path C:/Program Files/Unity/Hub/Editor/6000.4.1f1/Editor/Data/Resources/UnitySubsystems
[Subsystems] Discovering subsystems at path D:/Dai hoc dung hc dai ss2/unity/CocKienTroi/Cóc kiện trời/Assets
Forcing GfxDevice: Direct3D 12
GfxDevice: creating device client; kGfxThreadingModeNonThreaded
d3d12: failed to query info queue interface (0x80004002).
Direct3D:
    Version:         Direct3D 12 [level 12.2]
    Renderer:        NVIDIA GeForce RTX 4050 Laptop GPU (ID=0x28e1)
    Vendor:          NVIDIA
    VRAM:            5921 MB
    App VRAM Budget: 5153 MB
    Driver:          32.0.15.5612
Initialize mono
Mono path[0] = 'C:/Program Files/Unity/Hub/Editor/6000.4.1f1/Editor/Data/Managed'
Mono path[1] = 'C:/Program Files/Unity/Hub/Editor/6000.4.1f1/Editor/Data/MonoBleedingEdge/lib/mono/unityjit-win32'
Mono config path = 'C:/Program Files/Unity/Hub/Editor/6000.4.1f1/Editor/Data/MonoBleedingEdge/etc'
Using monoOptions --debugger-agent=transport=dt_socket,embedding=1,server=y,suspend=n,address=127.0.0.1:56712
CodeReloadManager initialized
Begin MonoManager ReloadAssembly
Registering precompiled unity dll's ...
Register platform support module: C:/Program Files/Unity/Hub/Editor/6000.4.1f1/Editor/Data/PlaybackEngines/WebGLSupport/UnityEditor.WebGL.Extensions.dll
Register platform support module: C:/Program Files/Unity/Hub/Editor/6000.4.1f1/Editor/Data/PlaybackEngines/WindowsStandaloneSupport/UnityEditor.WindowsStandalone.Extensions.dll
Registered in 0.003640 seconds.
Native extension for WindowsStandalone target not found
Native extension for WebGL target not found
Package Manager log level set to [2]
[Package Manager] Failed to launch server process. Reason: Unity was launched with the -noUpm command-line argument
[Package Manager] Unable to send message (not connected to server process).
[Package Manager] Cannot connect to Unity Package Manager local server
ScheduleIndexationOnStartup MainProcess:False IndexOnStartup:True
Mono: successfully reloaded assembly
- Finished resetting the current domain, in  0.842 seconds
Domain Reload Profiling: 1651ms
	BeginReloadAssembly (186ms)
	RebuildCommonClasses (70ms)
	RebuildNativeTypeToScriptingClass (23ms)
	initialDomainReloadingComplete (119ms)
	LoadAllAssembliesAndSetupDomain (409ms)
		LoadAssemblies (180ms)
		AnalyzeDomain (392ms)
			TypeCache.Refresh (390ms)
				TypeCache.ScanAssembly (366ms)
	FinalizeReload (845ms)
		SetupLoadedEditorAssemblies (0ms)
			InitializePlatformSupportModulesInManaged (164ms)
			BeforeProcessingInitializeOnLoad (165ms)
			ProcessInitializeOnLoadAttributes (229ms)
			ProcessInitializeOnLoadMethodAttributes (163ms)
[Licensing::Client] Error: HandshakeResponse reported an error:
	ResponseCode: 505
	ResponseStatus: Unsupported protocol version '1.18.1'.
[Licensing::Module] Error: Failed to handshake to channel: "LicenseClient-a2112"
[Licensing::IpcConnector] LicenseClient-a2112 channel disconnected successfully.
[Licensing::IpcConnector] Successfully connected to: "LicenseClient-a2112-6000.4.1" at "2026-04-12T12:37:09.7266282Z"
========================================================================
Worker process is ready to serve import requests
Import Worker Mode flag is 0x00
Begin MonoManager ReloadAssembly
[Licensing::Module] Licensing is not yet initialized.
[Licensing::Client] Handshaking with LicensingClient:
  Version:                 1.18.1+9fbee8e
  Session Id:              a3b4b93157a347d0ac7b7a542f633fc7
  Correlation Id:          e3e6f7a06840c772729966f2d54e615e
  External correlation Id: 2793047586312327224
  Machine Id:              9adQn0/zv/W3B+LmNzo8UFllXzI=
[Licensing::Module] Successfully connected to LicensingClient on channel: "LicenseClient-a2112-6000.4.1" (connect: 0.00s, validation: 0.01s, handshake: 3.16s)
[Licensing::IpcConnector] Successfully connected to: "LicenseClient-a2112-6000.4.1-notifications" at "2026-04-12T12:37:12.8968192Z"
[Licensing::Module] Licensing Background thread has ended after 6.88s
[Licensing::Module] Licensing is initialized (took 2.75s).
[Licensing::Client] Successfully resolved entitlement details
[Licensing::Module] License group:
  Id: 18968357843338-UnityPersXXXX
  Product: Unity Personal
  Type: Assigned
  Expiration: Unlimited
Assembly Assembly-CSharp-Editor-firstpass-testable.dll at Library/ScriptAssemblies/Assembly-CSharp-Editor-firstpass-testable.dll not valid. Loading of assembly skipped.
Assembly Assembly-CSharp-Editor-firstpass.dll at Library/ScriptAssemblies/Assembly-CSharp-Editor-firstpass.dll not valid. Loading of assembly skipped.
Assembly Assembly-CSharp-Editor.dll at Library/ScriptAssemblies/Assembly-CSharp-Editor.dll not valid. Loading of assembly skipped.
Assembly Assembly-CSharp-firstpass.dll at Library/ScriptAssemblies/Assembly-CSharp-firstpass.dll not valid. Loading of assembly skipped.
Assembly DocCodeExamples.dll at Library/ScriptAssemblies/DocCodeExamples.dll not valid. Loading of assembly skipped.
Assembly TestNewCustomAssembly.dll at Library/ScriptAssemblies/TestNewCustomAssembly.dll not valid. Loading of assembly skipped.
Assembly Unity.2D.Animation.EditorTests.dll at Library/ScriptAssemblies/Unity.2D.Animation.EditorTests.dll not valid. Loading of assembly skipped.
Assembly Unity.2D.Aseprite.EditorTests.dll at Library/ScriptAssemblies/Unity.2D.Aseprite.EditorTests.dll not valid. Loading of assembly skipped.
Assembly Unity.2D.Common.EditorTests.dll at Library/ScriptAssemblies/Unity.2D.Common.EditorTests.dll not valid. Loading of assembly skipped.
Assembly Unity.2D.PixelPerfect.Editor.Tests.dll at Library/ScriptAssemblies/Unity.2D.PixelPerfect.Editor.Tests.dll not valid. Loading of assembly skipped.
Assembly Unity.2D.Psdimporter.EditorTests.dll at Library/ScriptAssemblies/Unity.2D.Psdimporter.EditorTests.dll not valid. Loading of assembly skipped.
Assembly Unity.2D.Sprite.Package.EditorTests.dll at Library/ScriptAssemblies/Unity.2D.Sprite.Package.EditorTests.dll not valid. Loading of assembly skipped.
Assembly Unity.2D.SpriteShape.EditorTests.dll at Library/ScriptAssemblies/Unity.2D.SpriteShape.EditorTests.dll not valid. Loading of assembly skipped.
Assembly Unity.2D.Tilemap.Package.EditorTests.dll at Library/ScriptAssemblies/Unity.2D.Tilemap.Package.EditorTests.dll not valid. Loading of assembly skipped.
Assembly Unity.Collections.BurstCompatibilityGen.dll at Library/ScriptAssemblies/Unity.Collections.BurstCompatibilityGen.dll not valid. Loading of assembly skipped.
Assembly Unity.Collections.DocCodeSamples.dll at Library/ScriptAssemblies/Unity.Collections.DocCodeSamples.dll not valid. Loading of assembly skipped.
Assembly Unity.Collections.PerformanceTests.dll at Library/ScriptAssemblies/Unity.Collections.PerformanceTests.dll not valid. Loading of assembly skipped.
Assembly Unity.Collections.Tests.dll at Library/ScriptAssemblies/Unity.Collections.Tests.dll not valid. Loading of assembly skipped.
Assembly Unity.Collections.Tests.Playmode.dll at Library/ScriptAssemblies/Unity.Collections.Tests.Playmode.dll not valid. Loading of assembly skipped.
Assembly Unity.InputSystem.IntegrationTests.dll at Library/ScriptAssemblies/Unity.InputSystem.IntegrationTests.dll not valid. Loading of assembly skipped.
Assembly Unity.Mathematics.Tests.dll at Library/ScriptAssemblies/Unity.Mathematics.Tests.dll not valid. Loading of assembly skipped.
Assembly Unity.Multiplayer.Center.Editor.Tests.dll at Library/ScriptAssemblies/Unity.Multiplayer.Center.Editor.Tests.dll not valid. Loading of assembly skipped.
Assembly Unity.Multiplayer.Center.Tests.dll at Library/ScriptAssemblies/Unity.Multiplayer.Center.Tests.dll not valid. Loading of assembly skipped.
Assembly Unity.Nuget.Mono-Cecil.dll at Library/ScriptAssemblies/Unity.Nuget.Mono-Cecil.dll not valid. Loading of assembly skipped.
Assembly Unity.PathTracing.Editor.Tests.dll at Library/ScriptAssemblies/Unity.PathTracing.Editor.Tests.dll not valid. Loading of assembly skipped.
Assembly Unity.PathTracing.Runtime.Tests.dll at Library/ScriptAssemblies/Unity.PathTracing.Runtime.Tests.dll not valid. Loading of assembly skipped.
Assembly Unity.RenderPipelines.Core.Editor.Tests.dll at Library/ScriptAssemblies/Unity.RenderPipelines.Core.Editor.Tests.dll not valid. Loading of assembly skipped.
Assembly Unity.RenderPipelines.Core.Runtime.Tests.dll at Library/ScriptAssemblies/Unity.RenderPipelines.Core.Runtime.Tests.dll not valid. Loading of assembly skipped.
Assembly Unity.RenderPipelines.Universal.Config.Editor.Tests.dll at Library/ScriptAssemblies/Unity.RenderPipelines.Universal.Config.Editor.Tests.dll not valid. Loading of assembly skipped.
Assembly Unity.RenderPipelines.Universal.Editor.Tests.dll at Library/ScriptAssemblies/Unity.RenderPipelines.Universal.Editor.Tests.dll not valid. Loading of assembly skipped.
Assembly Unity.RenderPipelines.Universal.Runtime.Tests.dll at Library/ScriptAssemblies/Unity.RenderPipelines.Universal.Runtime.Tests.dll not valid. Loading of assembly skipped.
Assembly Unity.Searcher.EditorTests.dll at Library/ScriptAssemblies/Unity.Searcher.EditorTests.dll not valid. Loading of assembly skipped.
Assembly Unity.ShaderGraph.Editor.Tests.dll at Library/ScriptAssemblies/Unity.ShaderGraph.Editor.Tests.dll not valid. Loading of assembly skipped.
Assembly Unity.TextMeshPro.Editor.Tests.dll at Library/ScriptAssemblies/Unity.TextMeshPro.Editor.Tests.dll not valid. Loading of assembly skipped.
Assembly Unity.TextMeshPro.Tests.dll at Library/ScriptAssemblies/Unity.TextMeshPro.Tests.dll not valid. Loading of assembly skipped.
Assembly Unity.UnifiedRayTracing.Editor.Tests.dll at Library/ScriptAssemblies/Unity.UnifiedRayTracing.Editor.Tests.dll not valid. Loading of assembly skipped.
Assembly UnityEditor.UI.Common.Tests.dll at Library/ScriptAssemblies/UnityEditor.UI.Common.Tests.dll not valid. Loading of assembly skipped.
Assembly UnityEditor.UI.EditorTests.dll at Library/ScriptAssemblies/UnityEditor.UI.EditorTests.dll not valid. Loading of assembly skipped.
Assembly UnityEngine.UI.Tests.dll at Library/ScriptAssemblies/UnityEngine.UI.Tests.dll not valid. Loading of assembly skipped.
Native extension for WindowsStandalone target not found
Native extension for WebGL target not found
[Package Manager] Failed to launch server process. Reason: Unity was launched with the -noUpm command-line argument
[Package Manager] Unable to send message (not connected to server process).
[Package Manager] Cannot connect to Unity Package Manager local server
[Package Manager] Failed to launch server process. Reason: Unity was launched with the -noUpm command-line argument
[Package Manager] Unable to send message (not connected to server process).
[Package Manager] Cannot connect to Unity Package Manager local server
ScheduleIndexationOnStartup MainProcess:False IndexOnStartup:True
Mono: successfully reloaded assembly
- Finished resetting the current domain, in  1.790 seconds
Domain Reload Profiling: 6454ms
	BeginReloadAssembly (2985ms)
		DisableScriptedObjects (7ms)
		CreateAndSetChildDomain (39ms)
	RebuildCommonClasses (58ms)
	RebuildNativeTypeToScriptingClass (18ms)
	initialDomainReloadingComplete (154ms)
	LoadAllAssembliesAndSetupDomain (1448ms)
		LoadAssemblies (856ms)
		AnalyzeDomain (710ms)
			TypeCache.Refresh (509ms)
				TypeCache.ScanAssembly (476ms)
			BuildScriptInfoCaches (171ms)
			ResolveRequiredComponents (25ms)
	FinalizeReload (1791ms)
		SetupLoadedEditorAssemblies (0ms)
			InitializePlatformSupportModulesInManaged (28ms)
			BeforeProcessingInitializeOnLoad (297ms)
			ProcessInitializeOnLoadAttributes (681ms)
			ProcessInitializeOnLoadMethodAttributes (406ms)
			AfterProcessingInitializeOnLoad (13ms)
		AwakeInstancesAfterBackupRestoration (20ms)
Launched and connected shader compiler UnityShaderCompiler.exe after 0.06 seconds
Refreshing native plugins compatible for Editor in 12.79 ms, found 4 plugins.
Unloading 24 Unused Serialized files (Serialized files now loaded: 0)
Unloading 7091 unused Assets / (6.1 MB). Loaded Objects now: 7958.
Memory consumption went from 165.1 MB to 159.0 MB.
Total: 23.483500 ms (FindLiveObjects: 2.606100 ms CreateObjectMapping: 2.042000 ms MarkObjects: 11.164800 ms  DeleteObjects: 7.391800 ms)

========================================================================
Received Import Request.
  Time since last request: 2296.834373 seconds.
  path: Assets/Settings/Lit2DSceneTemplate.scenetemplate
  importAddress: Guid(d03ed43fc9d8a4f2e9fa70c1c7916eb9) Importer(2089858483,b0f066a214c2f5e87bad3c948f4d605d)
Start importing Assets/Settings/Lit2DSceneTemplate.scenetemplate using Guid(d03ed43fc9d8a4f2e9fa70c1c7916eb9) Importer(2089858483,b0f066a214c2f5e87bad3c948f4d605d) (ScriptedImporter) -> (Import Result ID: '9353d0158fa1f667fe80118afd1c1056') in 0.3972323 seconds [static and dynamic dependencies]. Details - ImportResultOutputID=61dc42cc934fa832fa022c42f684f7fb DependenciesID=5c0bd2cb90af4e2791144fb1182f67c3 StaticDependenciesID=8fcf58ac9945924203f704a338d26430 
Number of updated asset objects reloaded before import = 0Number of asset objects unloaded after import = 3

========================================================================
Received Import Request.
  Time since last request: 0.000039 seconds.
  path: Assets/(6) CÓC KIỆN TRỜI/UI - chọn nhân vật/tab Gấu.png
  importAddress: Guid(a60315f53eb81024db2d0bf8cefd3b37) Importer(2089858483,b0f066a214c2f5e87bad3c948f4d605d)
Start importing Assets/(6) CÓC KIỆN TRỜI/UI - chọn nhân vật/tab Gấu.png using Guid(a60315f53eb81024db2d0bf8cefd3b37) Importer(2089858483,b0f066a214c2f5e87bad3c948f4d605d) (ScriptedImporter) -> (Import Result ID: 'a96cd0e8bb26acc091aa8a684fbac16e') in 0.1478441 seconds [static and dynamic dependencies]. Details - ImportResultOutputID=86774476a44363812d74d155ab12efd2 DependenciesID=4cb114046dd87e2294e111146e69facc StaticDependenciesID=471c36226156274b6babf83f72aaf773 
Number of updated asset objects reloaded before import = 0Number of asset objects unloaded after import = 4

========================================================================
Received Import Request.
  Time since last request: 0.000044 seconds.
  path: Assets/Scenes/HUD.unity
  importAddress: Guid(5c33e6bced56da742ab598c8c3c93825) Importer(2089858483,b0f066a214c2f5e87bad3c948f4d605d)
Start importing Assets/Scenes/HUD.unity using Guid(5c33e6bced56da742ab598c8c3c93825) Importer(2089858483,b0f066a214c2f5e87bad3c948f4d605d) (ScriptedImporter) -> (Import Result ID: '7b92ec80d7baf1197ea442a8a198672f') in 0.0409112 seconds [static and dynamic dependencies]. Details - ImportResultOutputID=df7dcf555c4dcf6e603e4238cd0f0d26 DependenciesID=d8d49fdde6a4c849b3cfa30994186321 StaticDependenciesID=b83f3548fcdeb1101de1b56df5c54f71 
Number of updated asset objects reloaded before import = 0Number of asset objects unloaded after import = 1

========================================================================
Received Import Request.
  Time since last request: 0.000026 seconds.
  path: Assets/(6) CÓC KIỆN TRỜI/UI - ingame/kim toc do.png
  importAddress: Guid(fcab785e25aec6f408c2defcd44b5b1b) Importer(2089858483,b0f066a214c2f5e87bad3c948f4d605d)
Start importing Assets/(6) CÓC KIỆN TRỜI/UI - ingame/kim toc do.png using Guid(fcab785e25aec6f408c2defcd44b5b1b) Importer(2089858483,b0f066a214c2f5e87bad3c948f4d605d) (ScriptedImporter) -> (Import Result ID: '5980ac366d9486d2bd37dd08344edad2') in 0.0288371 seconds [static and dynamic dependencies]. Details - ImportResultOutputID=480468e9ecc7fa1ec3603383a7be2194 DependenciesID=db0006375effe831d54666b634caf7d0 StaticDependenciesID=946f025b5d6c18ebd2107c9e0bbd64b0 
Number of updated asset objects reloaded before import = 0Number of asset objects unloaded after import = 3

========================================================================
Received Import Request.
  Time since last request: 0.000038 seconds.
  path: Assets/Nhan vat ingame/cọp.png
  importAddress: Guid(8cf1ac67aeb04fc43a8f85297f142a48) Importer(2089858483,b0f066a214c2f5e87bad3c948f4d605d)
Start importing Assets/Nhan vat ingame/cọp.png using Guid(8cf1ac67aeb04fc43a8f85297f142a48) Importer(2089858483,b0f066a214c2f5e87bad3c948f4d605d) (ScriptedImporter) -> (Import Result ID: '6f9376a7246dd5e7e5d7d86eb41fd1f7') in 0.1012369 seconds [static and dynamic dependencies]. Details - ImportResultOutputID=0bbf32ff4053e170696580db98ca9fa0 DependenciesID=caf46d4c4d4a3e4e8f88cea64ed0db8b StaticDependenciesID=b0e016f06bfadb60443489f5306a3d1a 
Number of updated asset objects reloaded before import = 0Number of asset objects unloaded after import = 27

========================================================================
Received Import Request.
  Time since last request: 0.000104 seconds.
  path: Assets/DIN Round Pro/dinroundpro_black SDF.asset
  importAddress: Guid(2a312bef12986394280df53522893f9a) Importer(2089858483,b0f066a214c2f5e87bad3c948f4d605d)
Start importing Assets/DIN Round Pro/dinroundpro_black SDF.asset using Guid(2a312bef12986394280df53522893f9a) Importer(2089858483,b0f066a214c2f5e87bad3c948f4d605d) (ScriptedImporter) -> (Import Result ID: 'bb0b179ecf757507e9e05eacdd31df04') in 0.052753 seconds [static and dynamic dependencies]. Details - ImportResultOutputID=6a66c9445df5998d26097e129c4470c5 DependenciesID=4568e680ca0245b9af26846a7ec5d83c StaticDependenciesID=bb76432e81c8776ca2255d0171eef3ea 
Number of updated asset objects reloaded before import = 0Number of asset objects unloaded after import = 5

========================================================================
Received Import Request.
  Time since last request: 0.000033 seconds.
  path: Assets/Settings/Renderer2D.asset
  importAddress: Guid(424799608f7334c24bf367e4bbfa7f9a) Importer(2089858483,b0f066a214c2f5e87bad3c948f4d605d)
Start importing Assets/Settings/Renderer2D.asset using Guid(424799608f7334c24bf367e4bbfa7f9a) Importer(2089858483,b0f066a214c2f5e87bad3c948f4d605d) (ScriptedImporter) -> (Import Result ID: '6047cb7e8a7f98fa3d8e23366896ef70') in 0.059587 seconds [static and dynamic dependencies]. Details - ImportResultOutputID=eb7bc1b72fed3893460f8275e27cb0d9 DependenciesID=fb4a52daad2865f90a51b7e52025d90c StaticDependenciesID=6274974ce82b425c2c428478e3e7e69a 
Number of updated asset objects reloaded before import = 0Number of asset objects unloaded after import = 1

========================================================================
Received Import Request.
  Time since last request: 0.000037 seconds.
  path: Assets/(6) CÓC KIỆN TRỜI/UI - ingame/ĐẾM SỐ (3).png
  importAddress: Guid(588b3c56ba479144c804c998f2f0d8f1) Importer(2089858483,b0f066a214c2f5e87bad3c948f4d605d)
Start importing Assets/(6) CÓC KIỆN TRỜI/UI - ingame/ĐẾM SỐ (3).png using Guid(588b3c56ba479144c804c998f2f0d8f1) Importer(2089858483,b0f066a214c2f5e87bad3c948f4d605d) (ScriptedImporter) -> (Import Result ID: '971a447d158c72b63fbf49c2bf48b97b') in 0.0296914 seconds [static and dynamic dependencies]. Details - ImportResultOutputID=08a7cf937fedbcf18b114170cc4e52a3 DependenciesID=4e960bb1ce386e70b5d82345f5ae6f08 StaticDependenciesID=1527a3eb8befbbf5edd7fd1ae549927e 
Number of updated asset objects reloaded before import = 0Number of asset objects unloaded after import = 3

========================================================================
Received Import Request.
  Time since last request: 0.000073 seconds.
  path: Assets/Script/AnimationSpeedByVelocity.cs
  importAddress: Guid(bd1c8be8822d93443b5f2268972c4539) Importer(2089858483,b0f066a214c2f5e87bad3c948f4d605d)
Start importing Assets/Script/AnimationSpeedByVelocity.cs using Guid(bd1c8be8822d93443b5f2268972c4539) Importer(2089858483,b0f066a214c2f5e87bad3c948f4d605d) (ScriptedImporter) -> (Import Result ID: 'd5c3ee120e5e52511c7ae6b71f839ed6') in 0.0305334 seconds [static and dynamic dependencies]. Details - ImportResultOutputID=efffedf2704e05af222067b276b93917 DependenciesID=5c345e194576c7517077d90e8805435c StaticDependenciesID=d3476cfb3bf2731b8d3f267252b2432f 
Number of updated asset objects reloaded before import = 0Number of asset objects unloaded after import = 0

========================================================================
Received Import Request.
  Time since last request: 0.000035 seconds.
  path: Assets/Nhan vat ingame/cóc.png
  importAddress: Guid(b40bf0a838e7b634f93355819d31e2e1) Importer(2089858483,b0f066a214c2f5e87bad3c948f4d605d)
Start importing Assets/Nhan vat ingame/cóc.png using Guid(b40bf0a838e7b634f93355819d31e2e1) Importer(2089858483,b0f066a214c2f5e87bad3c948f4d605d) (ScriptedImporter) -> (Import Result ID: '47ba1b3a12c194ebfb530276989b20ba') in 0.097456 seconds [static and dynamic dependencies]. Details - ImportResultOutputID=f23ea280c0ce3d8b573493f2964faa47 DependenciesID=e85de1e157ad2f64f8c9447a32c2e8a3 StaticDependenciesID=f163acc934bea04ffe528f671a067d41 
Number of updated asset objects reloaded before import = 0Number of asset objects unloaded after import = 27

========================================================================
Received Import Request.
  Time since last request: 0.000056 seconds.
  path: Assets/TextMesh Pro/Fonts/LiberationSans.ttf
  importAddress: Guid(e3265ab4bf004d28a9537516768c1c75) Importer(2089858483,b0f066a214c2f5e87bad3c948f4d605d)
Start importing Assets/TextMesh Pro/Fonts/LiberationSans.ttf using Guid(e3265ab4bf004d28a9537516768c1c75) Importer(2089858483,b0f066a214c2f5e87bad3c948f4d605d) (ScriptedImporter) -> (Import Result ID: '34bc2e535fcac5ffa879235fe31bbaaf') in 0.0413628 seconds [static and dynamic dependencies]. Details - ImportResultOutputID=9d52d460ebcc4d24a7dedd8b3085b34f DependenciesID=fb5ba9a522771eb2f62cc95cc007fe78 StaticDependenciesID=518d7db7c3f5a2bfbdb8fce2e125b24b 
Number of updated asset objects reloaded before import = 0Number of asset objects unloaded after import = 3

========================================================================
Received Import Request.
  Time since last request: 0.000039 seconds.
  path: Assets/TextMesh Pro/Resources/LineBreaking Leading Characters.txt
  importAddress: Guid(d82c1b31c7e74239bff1220585707d2b) Importer(2089858483,b0f066a214c2f5e87bad3c948f4d605d)
Start importing Assets/TextMesh Pro/Resources/LineBreaking Leading Characters.txt using Guid(d82c1b31c7e74239bff1220585707d2b) Importer(2089858483,b0f066a214c2f5e87bad3c948f4d605d) (ScriptedImporter) -> (Import Result ID: '2a392277093f7e2b81af3b838720f30c') in 0.0186943 seconds [static and dynamic dependencies]. Details - ImportResultOutputID=4a416eee1980b47ad9da2bee6fc1990e DependenciesID=bfc3e43de51e5ab169e502fd2c96f305 StaticDependenciesID=40ccf77d3d6225561dc0ba29a4745b6d 
Number of updated asset objects reloaded before import = 0Number of asset objects unloaded after import = 1

========================================================================
Received Import Request.
  Time since last request: 0.000028 seconds.
  path: Assets/(6) CÓC KIỆN TRỜI/UI - chọn nhân vật/enegy.png
  importAddress: Guid(01f5e506c922cc04fa2de2b6b57355f9) Importer(2089858483,b0f066a214c2f5e87bad3c948f4d605d)
Start importing Assets/(6) CÓC KIỆN TRỜI/UI - chọn nhân vật/enegy.png using Guid(01f5e506c922cc04fa2de2b6b57355f9) Importer(2089858483,b0f066a214c2f5e87bad3c948f4d605d) (ScriptedImporter) -> (Import Result ID: '18d0f52fff76151ab3bc4853b078ea0e') in 0.0508178 seconds [static and dynamic dependencies]. Details - ImportResultOutputID=f32724c941ceb01b3c2aa59f00f86ffe DependenciesID=ddc122141a33e725b46ab3bdf271951e StaticDependenciesID=d1466ca02ce711fc88b2f5cab8677c5f 
Number of updated asset objects reloaded before import = 0Number of asset objects unloaded after import = 3

========================================================================
Received Import Request.
  Time since last request: 0.000033 seconds.
  path: Assets/Scenes/Map 1 hao.unity
  importAddress: Guid(6b3a49bb430f29f4f9d9dcb8f9b35215) Importer(2089858483,b0f066a214c2f5e87bad3c948f4d605d)
Start importing Assets/Scenes/Map 1 hao.unity using Guid(6b3a49bb430f29f4f9d9dcb8f9b35215) Importer(2089858483,b0f066a214c2f5e87bad3c948f4d605d) (ScriptedImporter) -> (Import Result ID: '0327d6e8ce2de90204681259a92ca08b') in 0.0938311 seconds [static and dynamic dependencies]. Details - ImportResultOutputID=db8f154905dab85d8409fcf1b78439a2 DependenciesID=f929c96657b8a0879d21ba98dbe25006 StaticDependenciesID=5be29b2b30464a885bfe7ad145c765ab 
Number of updated asset objects reloaded before import = 0Number of asset objects unloaded after import = 1

========================================================================
Received Import Request.
  Time since last request: 0.000061 seconds.
  path: Assets/(6) CÓC KIỆN TRỜI/UI - chọn nhân vật/icon ong.png
  importAddress: Guid(04f38b53a86f46045aa8ed0afa02a870) Importer(2089858483,b0f066a214c2f5e87bad3c948f4d605d)
Start importing Assets/(6) CÓC KIỆN TRỜI/UI - chọn nhân vật/icon ong.png using Guid(04f38b53a86f46045aa8ed0afa02a870) Importer(2089858483,b0f066a214c2f5e87bad3c948f4d605d) (ScriptedImporter) -> (Import Result ID: '8fc2772cf5b62991c4085e53b88e52ed') in 0.0335549 seconds [static and dynamic dependencies]. Details - ImportResultOutputID=897b9c46e5892040436a5c2810a6f306 DependenciesID=b6dd93ac5792b6b2d6f802fd4b2240a2 StaticDependenciesID=762670bbdd094575a24e8ec98d4b186e 
Number of updated asset objects reloaded before import = 0Number of asset objects unloaded after import = 3

========================================================================
Received Import Request.
  Time since last request: 0.000026 seconds.
  path: Assets/TextMesh Pro/Shaders/TMP_SDF-URP Lit.shadergraph
  importAddress: Guid(a3d800b099a06e0478fb790c5e79057a) Importer(2089858483,b0f066a214c2f5e87bad3c948f4d605d)
Start importing Assets/TextMesh Pro/Shaders/TMP_SDF-URP Lit.shadergraph using Guid(a3d800b099a06e0478fb790c5e79057a) Importer(2089858483,b0f066a214c2f5e87bad3c948f4d605d) (ScriptedImporter) -> (Import Result ID: 'dee384ce1eae25f36dfe04355eb1b871') in 0.066973 seconds [static and dynamic dependencies]. Details - ImportResultOutputID=c05e81c527a12b112f68f372390d5bad DependenciesID=73ec3501bed5c6d63fd2b71f8072a249 StaticDependenciesID=b2a4f12830732028c680f671665c7504 
Number of updated asset objects reloaded before import = 0Number of asset objects unloaded after import = 4

========================================================================
Received Import Request.
  Time since last request: 0.000028 seconds.
  path: Assets/Script/Player/RoadLayerSwitcher.cs
  importAddress: Guid(16accdaf345cb584d898eb7a6e76344c) Importer(2089858483,b0f066a214c2f5e87bad3c948f4d605d)
Start importing Assets/Script/Player/RoadLayerSwitcher.cs using Guid(16accdaf345cb584d898eb7a6e76344c) Importer(2089858483,b0f066a214c2f5e87bad3c948f4d605d) (ScriptedImporter) -> (Import Result ID: '41f1cde681f83e9c9e9e8c2d87fc67a2') in 0.0150712 seconds [static and dynamic dependencies]. Details - ImportResultOutputID=9e50a4db89938ddcdcccc3395449bb3a DependenciesID=edee948514b1ab771b7b6e95b395192c StaticDependenciesID=073c0d1ec9cac51c866f66b2a082ab5f 
Number of updated asset objects reloaded before import = 0Number of asset objects unloaded after import = 0

========================================================================
Received Import Request.
  Time since last request: 0.000036 seconds.
  path: Assets/TextMesh Pro/Shaders/TMP_SDF-HDRP UNLIT.shadergraph
  importAddress: Guid(f63d574838ccfb44f84acc05fed0af48) Importer(2089858483,b0f066a214c2f5e87bad3c948f4d605d)
Start importing Assets/TextMesh Pro/Shaders/TMP_SDF-HDRP UNLIT.shadergraph using Guid(f63d574838ccfb44f84acc05fed0af48) Importer(2089858483,b0f066a214c2f5e87bad3c948f4d605d) (ScriptedImporter) -> (Import Result ID: '04a4d5a3e9ec9b39c669e95a8d86ea06') in 0.0278077 seconds [static and dynamic dependencies]. Details - ImportResultOutputID=c578a5692569ba33d3574d59bf684548 DependenciesID=2b10a6fd4db3957d956488336134ef67 StaticDependenciesID=008f1acc3a3a56b0b8559fbc9f0c566b 
Number of updated asset objects reloaded before import = 0Number of asset objects unloaded after import = 3

========================================================================
Received Import Request.
  Time since last request: 0.000024 seconds.
  path: Assets/(6) CÓC KIỆN TRỜI/Map/Map_3.png
  importAddress: Guid(71392e6fe22a18149b569f17ceda4440) Importer(2089858483,b0f066a214c2f5e87bad3c948f4d605d)
Start importing Assets/(6) CÓC KIỆN TRỜI/Map/Map_3.png using Guid(71392e6fe22a18149b569f17ceda4440) Importer(2089858483,b0f066a214c2f5e87bad3c948f4d605d) (ScriptedImporter) -> (Import Result ID: '3afcf0330b0af12427bde3c56ec6fa40') in 0.0274541 seconds [static and dynamic dependencies]. Details - ImportResultOutputID=8a038b5c6496a64ba4ccc56b09b3036a DependenciesID=15530d6e006e4702e1844e7d0e9dfa74 StaticDependenciesID=bb46bacd8d9c435d0792c779f066e0bd 
Number of updated asset objects reloaded before import = 0Number of asset objects unloaded after import = 3

========================================================================
Received Import Request.
  Time since last request: 0.000029 seconds.
  path: Assets/Nhan vat ingame/ong.png
  importAddress: Guid(01fa91c47a6259b4fb52b6f3e21613cb) Importer(2089858483,b0f066a214c2f5e87bad3c948f4d605d)
Start importing Assets/Nhan vat ingame/ong.png using Guid(01fa91c47a6259b4fb52b6f3e21613cb) Importer(2089858483,b0f066a214c2f5e87bad3c948f4d605d) (ScriptedImporter) -> (Import Result ID: '4a4df41e2153f38b340d1081e3bca78b') in 0.0873743 seconds [static and dynamic dependencies]. Details - ImportResultOutputID=85bac3d2166eb13d796245afb0e0a260 DependenciesID=2596b23271b78fecc85cb01afed6629c StaticDependenciesID=6ae9494b4035882b94995febbad050e7 
Number of updated asset objects reloaded before import = 0Number of asset objects unloaded after import = 47

========================================================================
Received Import Request.
  Time since last request: 0.000026 seconds.
  path: Assets/(6) CÓC KIỆN TRỜI/UI - chọn nhân vật/infor/tốc độ 4.png
  importAddress: Guid(13d6f39c2149255468f00a632c3af5b3) Importer(2089858483,b0f066a214c2f5e87bad3c948f4d605d)
Start importing Assets/(6) CÓC KIỆN TRỜI/UI - chọn nhân vật/infor/tốc độ 4.png using Guid(13d6f39c2149255468f00a632c3af5b3) Importer(2089858483,b0f066a214c2f5e87bad3c948f4d605d) (ScriptedImporter) -> (Import Result ID: '5a461499acd856e35d71e92def46e69c') in 0.0330826 seconds [static and dynamic dependencies]. Details - ImportResultOutputID=98d038488fd8a3a1a6c412544512ba43 DependenciesID=ff4ad8d3f4a00541f945aed2746e9423 StaticDependenciesID=c404cadf2233ebc4e15b828c062c7811 
Number of updated asset objects reloaded before import = 0Number of asset objects unloaded after import = 3

========================================================================
Received Import Request.
  Time since last request: 0.000062 seconds.
  path: Assets/Updated Assets/Coc Kien Troi/SVN-Diablo.zip
  importAddress: Guid(631e4698a226eed46a12f5168b015933) Importer(2089858483,b0f066a214c2f5e87bad3c948f4d605d)
Start importing Assets/Updated Assets/Coc Kien Troi/SVN-Diablo.zip using Guid(631e4698a226eed46a12f5168b015933) Importer(2089858483,b0f066a214c2f5e87bad3c948f4d605d) (ScriptedImporter) -> (Import Result ID: '88a983f08ee8ff1c2373d747872f5114') in 0.0132715 seconds [static and dynamic dependencies]. Details - ImportResultOutputID=888ff31318fa1c3a3f5fae3696d66b04 DependenciesID=afc868e4faf99dcc57ada80abf2912d5 StaticDependenciesID=eda144827160bc621e59cede4a413e99 
Number of updated asset objects reloaded before import = 0Number of asset objects unloaded after import = 1

========================================================================
Received Import Request.
  Time since last request: 0.000024 seconds.
  path: Assets/(6) CÓC KIỆN TRỜI/UI - chọn nhân vật/infor/gia tốc 4.png
  importAddress: Guid(f65d1d08df5f2784185a55cb5282a129) Importer(2089858483,b0f066a214c2f5e87bad3c948f4d605d)
Start importing Assets/(6) CÓC KIỆN TRỜI/UI - chọn nhân vật/infor/gia tốc 4.png using Guid(f65d1d08df5f2784185a55cb5282a129) Importer(2089858483,b0f066a214c2f5e87bad3c948f4d605d) (ScriptedImporter) -> (Import Result ID: 'c317a623c67698c6d51d800a646d9dfd') in 0.0435405 seconds [static and dynamic dependencies]. Details - ImportResultOutputID=be8b8e3c6ba1fd7d580974e37791b401 DependenciesID=7e014b2137ebf54fa1060472d8ce80c7 StaticDependenciesID=bd48c6c5f104a881fc89d455a8a4b6f6 
Number of updated asset objects reloaded before import = 0Number of asset objects unloaded after import = 7

========================================================================
Received Import Request.
  Time since last request: 0.000036 seconds.
  path: Assets/(6) CÓC KIỆN TRỜI/scene.jpg
  importAddress: Guid(818a9f0456eeb214e9c70dcdffb0f03e) Importer(2089858483,b0f066a214c2f5e87bad3c948f4d605d)
Start importing Assets/(6) CÓC KIỆN TRỜI/scene.jpg using Guid(818a9f0456eeb214e9c70dcdffb0f03e) Importer(2089858483,b0f066a214c2f5e87bad3c948f4d605d) (ScriptedImporter) -> (Import Result ID: 'e595d7ca315072596e1d9710a95c93f8') in 0.0377415 seconds [static and dynamic dependencies]. Details - ImportResultOutputID=97707e7465dc46c75d72d99260822b1f DependenciesID=32d7064000abb99b3a308c990c9f4ec9 StaticDependenciesID=6e1cbaf1a9e88a43a9b50361d48f9486 
Number of updated asset objects reloaded before import = 0Number of asset objects unloaded after import = 3

========================================================================
Received Import Request.
  Time since last request: 0.000027 seconds.
  path: Assets/(6) CÓC KIỆN TRỜI/UI - ingame/mini map 2.png
  importAddress: Guid(a15262462c3a87a4eab8530b79878a05) Importer(2089858483,b0f066a214c2f5e87bad3c948f4d605d)
Start importing Assets/(6) CÓC KIỆN TRỜI/UI - ingame/mini map 2.png using Guid(a15262462c3a87a4eab8530b79878a05) Importer(2089858483,b0f066a214c2f5e87bad3c948f4d605d) (ScriptedImporter) -> (Import Result ID: 'b34a0595019f74b9378c2af9a020844a') in 0.0250465 seconds [static and dynamic dependencies]. Details - ImportResultOutputID=553bb38bd6a396f020d543461cdd788a DependenciesID=6ee36d27ca86d474f7ebe6c4540e1d66 StaticDependenciesID=90d397e3f068809ca3c1ac4c4ba8c5d4 
Number of updated asset objects reloaded before import = 0Number of asset objects unloaded after import = 3

========================================================================
Received Import Request.
  Time since last request: 0.000047 seconds.
  path: Assets/TextMesh Pro/Examples & Extras/Prefabs/Text Popup.prefab
  importAddress: Guid(b06f0e6c1dfa4356ac918da1bb32c603) Importer(2089858483,b0f066a214c2f5e87bad3c948f4d605d)
Start importing Assets/TextMesh Pro/Examples & Extras/Prefabs/Text Popup.prefab using Guid(b06f0e6c1dfa4356ac918da1bb32c603) Importer(2089858483,b0f066a214c2f5e87bad3c948f4d605d) (ScriptedImporter) -> (Import Result ID: 'aca0b034dcf27aa95ab9e09c6586ae3f') in 0.0893764 seconds [static and dynamic dependencies]. Details - ImportResultOutputID=2a8c79baa4df674b859fcc575888f6b3 DependenciesID=17f9f86e64ce88300534bb6a6e57629e StaticDependenciesID=75aa2a33de5b690513cfe1d934c279bd 
Number of updated asset objects reloaded before import = 0Number of asset objects unloaded after import = 21

========================================================================
Received Import Request.
  Time since last request: 0.000024 seconds.
  path: Assets/TextMesh Pro/Examples & Extras/Scenes/05 - Style Tags.unity
  importAddress: Guid(70615243e2be4a81afaab9bf5d273d65) Importer(2089858483,b0f066a214c2f5e87bad3c948f4d605d)
Start importing Assets/TextMesh Pro/Examples & Extras/Scenes/05 - Style Tags.unity using Guid(70615243e2be4a81afaab9bf5d273d65) Importer(2089858483,b0f066a214c2f5e87bad3c948f4d605d) (ScriptedImporter) -> (Import Result ID: 'ec45f2f4f08e6af49273c274f9e3c0b2') in 0.0247251 seconds [static and dynamic dependencies]. Details - ImportResultOutputID=8e63e125e26496429b868f9617066d63 DependenciesID=86f5c7fb2edbdee55d28cf1d9df05854 StaticDependenciesID=867478acd93c33945f736fc66a27cd36 
Number of updated asset objects reloaded before import = 0Number of asset objects unloaded after import = 1

========================================================================
Received Import Request.
  Time since last request: 0.000017 seconds.
  path: Assets/TextMesh Pro/Examples & Extras/Fonts/Oswald-Bold - OFL.txt
  importAddress: Guid(d2cf87a8a7a94aa8b80dff1c807c1178) Importer(2089858483,b0f066a214c2f5e87bad3c948f4d605d)
Start importing Assets/TextMesh Pro/Examples & Extras/Fonts/Oswald-Bold - OFL.txt using Guid(d2cf87a8a7a94aa8b80dff1c807c1178) Importer(2089858483,b0f066a214c2f5e87bad3c948f4d605d) (ScriptedImporter) -> (Import Result ID: '78207ae989187dba65f5f4199929a3bd') in 0.0200774 seconds [static and dynamic dependencies]. Details - ImportResultOutputID=418fdfdbe06ab7cdee5cf5b358e60635 DependenciesID=62c2d600e11d77b0e4b2ac82dd217f2b StaticDependenciesID=d4881a3b9b6c0a88b4c9cd73ed41c7fa 
Number of updated asset objects reloaded before import = 0Number of asset objects unloaded after import = 1

========================================================================
Received Import Request.
  Time since last request: 0.000037 seconds.
  path: Assets/(6) CÓC KIỆN TRỜI/UI - ingame/BXH.png
  importAddress: Guid(92dbdf9d8b40dab408d6d637f68d261f) Importer(2089858483,b0f066a214c2f5e87bad3c948f4d605d)
Start importing Assets/(6) CÓC KIỆN TRỜI/UI - ingame/BXH.png using Guid(92dbdf9d8b40dab408d6d637f68d261f) Importer(2089858483,b0f066a214c2f5e87bad3c948f4d605d) (ScriptedImporter) -> (Import Result ID: 'e34ba971c9424334c81bcfbd20aaae14') in 0.0255413 seconds [static and dynamic dependencies]. Details - ImportResultOutputID=f28fdc4a9a0018d5aa30e05fbff22d56 DependenciesID=e0fa5e63e358e1eb83afc471975a8b50 StaticDependenciesID=4a8668faeb429e1fd997c9e05e8ccb3b 
Number of updated asset objects reloaded before import = 0Number of asset objects unloaded after import = 7

========================================================================
Received Import Request.
  Time since last request: 0.000026 seconds.
  path: Assets/(6) CÓC KIỆN TRỜI/UI - chọn nhân vật/infor/tốc độ 5.png
  importAddress: Guid(73deda3bddd850b40af196b4deaed4d6) Importer(2089858483,b0f066a214c2f5e87bad3c948f4d605d)
Start importing Assets/(6) CÓC KIỆN TRỜI/UI - chọn nhân vật/infor/tốc độ 5.png using Guid(73deda3bddd850b40af196b4deaed4d6) Importer(2089858483,b0f066a214c2f5e87bad3c948f4d605d) (ScriptedImporter) -> (Import Result ID: '6f4c3ec6e342a620fe7961ac9b1ebab7') in 0.0346637 seconds [static and dynamic dependencies]. Details - ImportResultOutputID=bcd645f9cbe474a9675f1216d97647f1 DependenciesID=e61ebc028b51656716a6af6e6277491b StaticDependenciesID=5e595a2192ecf09bb39514036bec8339 
Number of updated asset objects reloaded before import = 0Number of asset objects unloaded after import = 3

========================================================================
Received Import Request.
  Time since last request: 0.000032 seconds.
  path: Assets/TextMesh Pro/Examples & Extras/Scenes/24 - Surface Shader Example URP.unity
  importAddress: Guid(57694ed9d1cd1e340a4924c0f2eac8e3) Importer(2089858483,b0f066a214c2f5e87bad3c948f4d605d)
Start importing Assets/TextMesh Pro/Examples & Extras/Scenes/24 - Surface Shader Example URP.unity using Guid(57694ed9d1cd1e340a4924c0f2eac8e3) Importer(2089858483,b0f066a214c2f5e87bad3c948f4d605d) (ScriptedImporter) -> (Import Result ID: 'ab0cd65f332b93e27dc06b88c756a4a5') in 0.0288495 seconds [static and dynamic dependencies]. Details - ImportResultOutputID=fdbb325407f8aaf204e24ee6b7c2bbc4 DependenciesID=036cecfaa8574b655659c7af5786cc19 StaticDependenciesID=076d1f02e518e15615aa2c947ddc7fc6 
Number of updated asset objects reloaded before import = 0Number of asset objects unloaded after import = 1

========================================================================
Received Import Request.
  Time since last request: 0.000029 seconds.
  path: Assets/TextMesh Pro/Examples & Extras/Scenes/09 - Margin Tag Example.unity
  importAddress: Guid(349f38d3606449708c7340d26740e1e2) Importer(2089858483,b0f066a214c2f5e87bad3c948f4d605d)
Start importing Assets/TextMesh Pro/Examples & Extras/Scenes/09 - Margin Tag Example.unity using Guid(349f38d3606449708c7340d26740e1e2) Importer(2089858483,b0f066a214c2f5e87bad3c948f4d605d) (ScriptedImporter) -> (Import Result ID: '3acdc7481a61104a771466b09b3e10eb') in 0.0245835 seconds [static and dynamic dependencies]. Details - ImportResultOutputID=9739a9d57592450404622c154f2ee340 DependenciesID=c3f7d185edfd791450c69372612faf6c StaticDependenciesID=ae32a625901c71069886950a1b0ecd8d 
Number of updated asset objects reloaded before import = 0Number of asset objects unloaded after import = 1

========================================================================
Received Import Request.
  Time since last request: 0.000039 seconds.
  path: Assets/TextMesh Pro/Resources/LineBreaking Following Characters.txt
  importAddress: Guid(fade42e8bc714b018fac513c043d323b) Importer(2089858483,b0f066a214c2f5e87bad3c948f4d605d)
Start importing Assets/TextMesh Pro/Resources/LineBreaking Following Characters.txt using Guid(fade42e8bc714b018fac513c043d323b) Importer(2089858483,b0f066a214c2f5e87bad3c948f4d605d) (ScriptedImporter) -> (Import Result ID: '13c5e671d891879879bdf420a96a296a') in 0.0126538 seconds [static and dynamic dependencies]. Details - ImportResultOutputID=637123d10906a3ff9c8732ae71545dcf DependenciesID=1ddd06222cc58f11be1011d6e2dc7f1a StaticDependenciesID=61c782e1da5d1ad2f75307915ca7e1f2 
Number of updated asset objects reloaded before import = 0Number of asset objects unloaded after import = 1

========================================================================
Received Import Request.
  Time since last request: 0.000024 seconds.
  path: Assets/Prefabs/Banana_Trap.prefab
  importAddress: Guid(ebfab8b959708684d865860ab6276ffd) Importer(2089858483,b0f066a214c2f5e87bad3c948f4d605d)
Start importing Assets/Prefabs/Banana_Trap.prefab using Guid(ebfab8b959708684d865860ab6276ffd) Importer(2089858483,b0f066a214c2f5e87bad3c948f4d605d) (ScriptedImporter) -> (Import Result ID: '37e7b4f9616238a97e151778cfc5ada7') in 0.0637748 seconds [static and dynamic dependencies]. Details - ImportResultOutputID=9f54ea5c80f4925cd3c98190340e02d6 DependenciesID=f3748631e89baa23d6c58ed4ec717084 StaticDependenciesID=e83f1ef8e27c162a02213a373f1566d8 
Number of updated asset objects reloaded before import = 0Number of asset objects unloaded after import = 9

========================================================================
Received Import Request.
  Time since last request: 0.000042 seconds.
  path: Assets/TextMesh Pro/Sprites/EmojiOne.png
  importAddress: Guid(dffef66376be4fa480fb02b19edbe903) Importer(2089858483,b0f066a214c2f5e87bad3c948f4d605d)
Start importing Assets/TextMesh Pro/Sprites/EmojiOne.png using Guid(dffef66376be4fa480fb02b19edbe903) Importer(2089858483,b0f066a214c2f5e87bad3c948f4d605d) (ScriptedImporter) -> (Import Result ID: 'd63eead9a7c1e81cf1ff04911e097da7') in 0.025449 seconds [static and dynamic dependencies]. Details - ImportResultOutputID=8c54661a50b5228ecccba67082196c33 DependenciesID=426b4634d457f299288072cddcbcffb6 StaticDependenciesID=72754c583f55259311be80a50c410947 
Number of updated asset objects reloaded before import = 0Number of asset objects unloaded after import = 1

========================================================================
Received Import Request.
  Time since last request: 0.000019 seconds.
  path: Assets/TextMesh Pro/Examples & Extras/Prefabs/TextMeshPro - Prefab 1.prefab
  importAddress: Guid(a6e39ced0ea046bcb636c3f0b2e2a745) Importer(2089858483,b0f066a214c2f5e87bad3c948f4d605d)
Start importing Assets/TextMesh Pro/Examples & Extras/Prefabs/TextMeshPro - Prefab 1.prefab using Guid(a6e39ced0ea046bcb636c3f0b2e2a745) Importer(2089858483,b0f066a214c2f5e87bad3c948f4d605d) (ScriptedImporter) -> (Import Result ID: 'cfb999a8da80875634ed9fe86a527f12') in 0.1465631 seconds [static and dynamic dependencies]. Details - ImportResultOutputID=b450e167f817259c63754c25182fd617 DependenciesID=34568ddda9eace1a4525ed3674cd0ee9 StaticDependenciesID=539de3aef569b86d7b620c0504930fd0 
Number of updated asset objects reloaded before import = 0Number of asset objects unloaded after import = 16

========================================================================
Received Import Request.
  Time since last request: 0.000061 seconds.
  path: Assets/TextMesh Pro/Examples & Extras/Scripts/ObjectSpin.cs
  importAddress: Guid(4f19c7f94c794c5097d8bd11e39c750d) Importer(2089858483,b0f066a214c2f5e87bad3c948f4d605d)
Start importing Assets/TextMesh Pro/Examples & Extras/Scripts/ObjectSpin.cs using Guid(4f19c7f94c794c5097d8bd11e39c750d) Importer(2089858483,b0f066a214c2f5e87bad3c948f4d605d) (ScriptedImporter) -> (Import Result ID: '1bb3680a471ca2478c737cda43fe8ee2') in 0.0146291 seconds [static and dynamic dependencies]. Details - ImportResultOutputID=46a8743883c3f9bf823f8e4dbcac3703 DependenciesID=19a3594a40e196e9738e4ed1054c2f5f StaticDependenciesID=1ff22a1c5300321f9b82e2516a093073 
Number of updated asset objects reloaded before import = 0Number of asset objects unloaded after import = 0

========================================================================
Received Import Request.
  Time since last request: 0.000023 seconds.
  path: Assets/TextMesh Pro/Examples & Extras/Scripts/Benchmark01.cs
  importAddress: Guid(f970ea55f9f84bf79b05dab180b8c125) Importer(2089858483,b0f066a214c2f5e87bad3c948f4d605d)
Start importing Assets/TextMesh Pro/Examples & Extras/Scripts/Benchmark01.cs using Guid(f970ea55f9f84bf79b05dab180b8c125) Importer(2089858483,b0f066a214c2f5e87bad3c948f4d605d) (ScriptedImporter) -> (Import Result ID: 'b6effb1bd4c5834e66fdec3c4d71e786') in 0.0162099 seconds [static and dynamic dependencies]. Details - ImportResultOutputID=9da2c198b2ec73c4270d4cbaab723b08 DependenciesID=6abebbd1a72201acd76cd190e0e97cac StaticDependenciesID=3b89c2ae3074875a6c8499a94a132021 
Number of updated asset objects reloaded before import = 0Number of asset objects unloaded after import = 0

========================================================================
Received Import Request.
  Time since last request: 0.000026 seconds.
  path: Assets/TextMesh Pro/Examples & Extras/Scripts/TMP_TextInfoDebugTool.cs
  importAddress: Guid(21256c5b62f346f18640dad779911e20) Importer(2089858483,b0f066a214c2f5e87bad3c948f4d605d)
Start importing Assets/TextMesh Pro/Examples & Extras/Scripts/TMP_TextInfoDebugTool.cs using Guid(21256c5b62f346f18640dad779911e20) Importer(2089858483,b0f066a214c2f5e87bad3c948f4d605d) (ScriptedImporter) -> (Import Result ID: 'e3b034842e3d34b9bf81191a31dffd01') in 0.0142042 seconds [static and dynamic dependencies]. Details - ImportResultOutputID=520fb52e457f2cad4e45ccb7fe73f462 DependenciesID=e71fd1df90b8d0f944a5d222564fde83 StaticDependenciesID=ace477cc26a36fecc58acc8da22d626a 
Number of updated asset objects reloaded before import = 0Number of asset objects unloaded after import = 0

========================================================================
Received Import Request.
  Time since last request: 0.000072 seconds.
  path: Assets/TextMesh Pro/Examples & Extras/Materials/Small Crate_diffuse.mat
  importAddress: Guid(22262639920f43d6be32430e4e58350d) Importer(2089858483,b0f066a214c2f5e87bad3c948f4d605d)
Start importing Assets/TextMesh Pro/Examples & Extras/Materials/Small Crate_diffuse.mat using Guid(22262639920f43d6be32430e4e58350d) Importer(2089858483,b0f066a214c2f5e87bad3c948f4d605d) (ScriptedImporter) -> (Import Result ID: '1627d2ff6b32453991312ddd573a0021') in 0.0602847 seconds [static and dynamic dependencies]. Details - ImportResultOutputID=5e41b589493b7bae409a6eb4a66c3f84 DependenciesID=4f6395b6cd941a1c30e1d3ad30fea069 StaticDependenciesID=3199b2e72fe1dabfbb2cbf927e7d9a7e 
Number of updated asset objects reloaded before import = 0Number of asset objects unloaded after import = 3

========================================================================
Received Import Request.
  Time since last request: 0.000043 seconds.
  path: Assets/TextMesh Pro/Examples & Extras/Textures/Wipe Pattern - Circle.psd
  importAddress: Guid(10c49fcd9c64421db7c0133e61e55f97) Importer(2089858483,b0f066a214c2f5e87bad3c948f4d605d)
Start importing Assets/TextMesh Pro/Examples & Extras/Textures/Wipe Pattern - Circle.psd using Guid(10c49fcd9c64421db7c0133e61e55f97) Importer(2089858483,b0f066a214c2f5e87bad3c948f4d605d) (ScriptedImporter) -> (Import Result ID: '0ebb3598fc621caa2c082d2c30333614') in 0.0290066 seconds [static and dynamic dependencies]. Details - ImportResultOutputID=fbc83bcaef7cb70853993a6a98a11c07 DependenciesID=685b8ec302ffbcf1ee84b096cdfc79f0 StaticDependenciesID=cfee8e9743d8b7aa212d8155f9f3675d 
Number of updated asset objects reloaded before import = 0Number of asset objects unloaded after import = 1

========================================================================
Received Import Request.
  Time since last request: 0.000036 seconds.
  path: Assets/TextMesh Pro/Examples & Extras/Scripts/WarpTextExample.cs
  importAddress: Guid(790744c462254b7ba8038e6ed28b3db2) Importer(2089858483,b0f066a214c2f5e87bad3c948f4d605d)
Start importing Assets/TextMesh Pro/Examples & Extras/Scripts/WarpTextExample.cs using Guid(790744c462254b7ba8038e6ed28b3db2) Importer(2089858483,b0f066a214c2f5e87bad3c948f4d605d) (ScriptedImporter) -> (Import Result ID: 'ebea38fab3f0655dd2bd2b3bfabcc959') in 0.0148057 seconds [static and dynamic dependencies]. Details - ImportResultOutputID=5af65c545ddc405dddc8331af7c177df DependenciesID=a7be7fa704e71b0ce853ce801886f422 StaticDependenciesID=93c23b97c979dd5bee9b24f6a571a3f9 
Number of updated asset objects reloaded before import = 0Number of asset objects unloaded after import = 0

========================================================================
Received Import Request.
  Time since last request: 0.000026 seconds.
  path: Assets/TextMesh Pro/Resources/Fonts & Materials/LiberationSans SDF.asset
  importAddress: Guid(8f586378b4e144a9851e7b34d9b748ee) Importer(2089858483,b0f066a214c2f5e87bad3c948f4d605d)
Start importing Assets/TextMesh Pro/Resources/Fonts & Materials/LiberationSans SDF.asset using Guid(8f586378b4e144a9851e7b34d9b748ee) Importer(2089858483,b0f066a214c2f5e87bad3c948f4d605d) (ScriptedImporter) -> (Import Result ID: 'b5d80e0e299350d6db39f20de8cb544e') in 0.0592771 seconds [static and dynamic dependencies]. Details - ImportResultOutputID=2750f829c11d56ae541b90756e37f71d DependenciesID=892d712fd96b79082b632363ee21d2fb StaticDependenciesID=9b4cd48114a939fbfc7d99b0b79376b4 
Number of updated asset objects reloaded before import = 0Number of asset objects unloaded after import = 8

========================================================================
Received Import Request.
  Time since last request: 0.000037 seconds.
  path: Assets/TextMesh Pro/Examples & Extras/Textures/Gradient Diagonal (Color).jpg
  importAddress: Guid(2ce5c55e85304b819a1826ecbc839aa5) Importer(2089858483,b0f066a214c2f5e87bad3c948f4d605d)
Start importing Assets/TextMesh Pro/Examples & Extras/Textures/Gradient Diagonal (Color).jpg using Guid(2ce5c55e85304b819a1826ecbc839aa5) Importer(2089858483,b0f066a214c2f5e87bad3c948f4d605d) (ScriptedImporter) -> (Import Result ID: 'f70abbf915fe64ae9e20aeb93fe5b920') in 0.0325064 seconds [static and dynamic dependencies]. Details - ImportResultOutputID=3ec36aaf4565e5f074680c638f5af221 DependenciesID=2279caf96edc3f4fe40d2701c67ccfe8 StaticDependenciesID=8aa387ad09bdb62cca26e35f53c0495d 
Number of updated asset objects reloaded before import = 0Number of asset objects unloaded after import = 1

========================================================================
Received Import Request.
  Time since last request: 0.000043 seconds.
  path: Assets/TextMesh Pro/Examples & Extras/Scripts/Benchmark02.cs
  importAddress: Guid(e8538afcddc14efbb5d9e94b7ae50197) Importer(2089858483,b0f066a214c2f5e87bad3c948f4d605d)
Start importing Assets/TextMesh Pro/Examples & Extras/Scripts/Benchmark02.cs using Guid(e8538afcddc14efbb5d9e94b7ae50197) Importer(2089858483,b0f066a214c2f5e87bad3c948f4d605d) (ScriptedImporter) -> (Import Result ID: '148391e330e2cf259282474128c4063b') in 0.0147191 seconds [static and dynamic dependencies]. Details - ImportResultOutputID=a08ebd594902bc47879278413efe7101 DependenciesID=e564faaa9ed1df7f99e37be086e65489 StaticDependenciesID=add7fa6d0f0d8e08a13e8399471f870d 
Number of updated asset objects reloaded before import = 0Number of asset objects unloaded after import = 0

========================================================================
Received Import Request.
  Time since last request: 0.000025 seconds.
  path: Assets/TextMesh Pro/Examples & Extras/Materials/Ground - Surface Shader Scene.mat
  importAddress: Guid(aadd5a709a48466c887296bb5b1b8110) Importer(2089858483,b0f066a214c2f5e87bad3c948f4d605d)
Start importing Assets/TextMesh Pro/Examples & Extras/Materials/Ground - Surface Shader Scene.mat using Guid(aadd5a709a48466c887296bb5b1b8110) Importer(2089858483,b0f066a214c2f5e87bad3c948f4d605d) (ScriptedImporter) -> (Import Result ID: '8baa010ce817ca2688060689e734db54') in 0.0298661 seconds [static and dynamic dependencies]. Details - ImportResultOutputID=52990f063e4c361e8619cdcf86d2adb9 DependenciesID=0d9bc1f56d31e877a13f71d01298e0a6 StaticDependenciesID=f700ee872bf925e267ec7adb80f7619d 
Number of updated asset objects reloaded before import = 0Number of asset objects unloaded after import = 2

========================================================================
Received Import Request.
  Time since last request: 0.000028 seconds.
  path: Assets/(6) CÓC KIỆN TRỜI/character/final Animation/Cáo/cáo_0 (1).controller
  importAddress: Guid(96510e07600fc7042bcba15e7ebd3dc1) Importer(2089858483,b0f066a214c2f5e87bad3c948f4d605d)
Start importing Assets/(6) CÓC KIỆN TRỜI/character/final Animation/Cáo/cáo_0 (1).controller using Guid(96510e07600fc7042bcba15e7ebd3dc1) Importer(2089858483,b0f066a214c2f5e87bad3c948f4d605d) (ScriptedImporter) -> (Import Result ID: '67378ca46183f452724c13affdd0e3ed') in 0.0267457 seconds [static and dynamic dependencies]. Details - ImportResultOutputID=2f019d4cf8f7ef84454d361fe6730756 DependenciesID=79075beae7cf781a2a6010b41f9bb33e StaticDependenciesID=285d2caa9fb118f0035a4d344c6577d0 
Number of updated asset objects reloaded before import = 0Number of asset objects unloaded after import = 4

========================================================================
Received Import Request.
  Time since last request: 0.000038 seconds.
  path: Assets/(6) CÓC KIỆN TRỜI/character/final Animation/Cáo/cáo.png
  importAddress: Guid(e3b086c1c1db6fb48bed3ee7cfab1731) Importer(2089858483,b0f066a214c2f5e87bad3c948f4d605d)
Start importing Assets/(6) CÓC KIỆN TRỜI/character/final Animation/Cáo/cáo.png using Guid(e3b086c1c1db6fb48bed3ee7cfab1731) Importer(2089858483,b0f066a214c2f5e87bad3c948f4d605d) (ScriptedImporter) -> (Import Result ID: 'fa66c52f1d0a0b8e481ccc3c04132610') in 0.2366504 seconds [static and dynamic dependencies]. Details - ImportResultOutputID=129a6d646384d302769c0217b1b2c902 DependenciesID=e5d6ab8c4ad3ac113045ec50791721cc StaticDependenciesID=ed8fd271d88c1358cf1fc5f697a2d0ac 
Number of updated asset objects reloaded before import = 0Number of asset objects unloaded after import = 146

========================================================================
Received Import Request.
  Time since last request: 0.000045 seconds.
  path: Assets/(6) CÓC KIỆN TRỜI/character/final Animation/Cáo/cáo_0.controller
  importAddress: Guid(c81aad36511a30f48abb689e1af45111) Importer(2089858483,b0f066a214c2f5e87bad3c948f4d605d)
Start importing Assets/(6) CÓC KIỆN TRỜI/character/final Animation/Cáo/cáo_0.controller using Guid(c81aad36511a30f48abb689e1af45111) Importer(2089858483,b0f066a214c2f5e87bad3c948f4d605d) (ScriptedImporter) -> (Import Result ID: '9c1f755c48fab76fa5b101fba9003146') in 0.0184349 seconds [static and dynamic dependencies]. Details - ImportResultOutputID=5b13a677ab28f2cc89f1125586a2e993 DependenciesID=27ee61dacec06d153d7e8eff1621a233 StaticDependenciesID=d300c5c064061bf433049fab91085269 
Number of updated asset objects reloaded before import = 0Number of asset objects unloaded after import = 4

========================================================================
Received Import Request.
  Time since last request: 0.000030 seconds.
  path: Assets/TextMesh Pro/Examples & Extras/Resources/Fonts & Materials/Bangers SDF Glow.mat
  importAddress: Guid(d75b8f41e959450c84ac6e967084d3e1) Importer(2089858483,b0f066a214c2f5e87bad3c948f4d605d)
Start importing Assets/TextMesh Pro/Examples & Extras/Resources/Fonts & Materials/Bangers SDF Glow.mat using Guid(d75b8f41e959450c84ac6e967084d3e1) Importer(2089858483,b0f066a214c2f5e87bad3c948f4d605d) (ScriptedImporter) -> (Import Result ID: 'b52436afea93e0da60a8bdedcee66fd0') in 0.0465443 seconds [static and dynamic dependencies]. Details - ImportResultOutputID=56fec0fff3f55be97cc1b643e68179a1 DependenciesID=e080b837d53a896b209120a2fae9f1bd StaticDependenciesID=c54a0ebed042d87ac746b9a396cd472d 
Number of updated asset objects reloaded before import = 0Number of asset objects unloaded after import = 3

========================================================================
Received Import Request.
  Time since last request: 0.000030 seconds.
  path: Assets/TextMesh Pro/Examples & Extras/Resources/Fonts & Materials/Anton SDF - Drop Shadow.mat
  importAddress: Guid(749b9069dc4742c5bfa5c74644049926) Importer(2089858483,b0f066a214c2f5e87bad3c948f4d605d)
Start importing Assets/TextMesh Pro/Examples & Extras/Resources/Fonts & Materials/Anton SDF - Drop Shadow.mat using Guid(749b9069dc4742c5bfa5c74644049926) Importer(2089858483,b0f066a214c2f5e87bad3c948f4d605d) (ScriptedImporter) -> (Import Result ID: 'b4a45f30d7d24451ea0befb2f551a3a6') in 0.0518799 seconds [static and dynamic dependencies]. Details - ImportResultOutputID=77f2893478330fbbb518ac766e7f3651 DependenciesID=5eeb4795d8e8cc2f5a81dfa42218c706 StaticDependenciesID=f7d494a2a5cbc3a1f6ef08c6db7b95a5 
Number of updated asset objects reloaded before import = 0Number of asset objects unloaded after import = 2

========================================================================
Received Import Request.
  Time since last request: 0.000047 seconds.
  path: Assets/TextMesh Pro/Examples & Extras/Resources/Fonts & Materials/Anton SDF - Sunny Days.mat
  importAddress: Guid(6522f30e342599e4e9dd4cc2cc03c830) Importer(2089858483,b0f066a214c2f5e87bad3c948f4d605d)
Start importing Assets/TextMesh Pro/Examples & Extras/Resources/Fonts & Materials/Anton SDF - Sunny Days.mat using Guid(6522f30e342599e4e9dd4cc2cc03c830) Importer(2089858483,b0f066a214c2f5e87bad3c948f4d605d) (ScriptedImporter) -> (Import Result ID: 'b0d6c879128f100c9d5561867272f296') in 0.0506154 seconds [static and dynamic dependencies]. Details - ImportResultOutputID=f930aa28f298cb8b55211bb2c2ff2560 DependenciesID=53e7e14dc5ddfd01aed1cf1ae5b6e81e StaticDependenciesID=5be443c99c939c7147c847f918a4e76c 
Number of updated asset objects reloaded before import = 0Number of asset objects unloaded after import = 4

========================================================================
Received Import Request.
  Time since last request: 0.000028 seconds.
  path: Assets/(6) CÓC KIỆN TRỜI/character/final Animation/Cọp/New Animation.anim
  importAddress: Guid(e05090e5772c24b46acfe22c4ec4e7cd) Importer(2089858483,b0f066a214c2f5e87bad3c948f4d605d)
Start importing Assets/(6) CÓC KIỆN TRỜI/character/final Animation/Cọp/New Animation.anim using Guid(e05090e5772c24b46acfe22c4ec4e7cd) Importer(2089858483,b0f066a214c2f5e87bad3c948f4d605d) (ScriptedImporter) -> (Import Result ID: '50aa9b19e6a168cd2c24de9d3635d729') in 0.026738 seconds [static and dynamic dependencies]. Details - ImportResultOutputID=178858cd58439dc8d50ddd5036eb42e7 DependenciesID=6547102006819be01672161a98097582 StaticDependenciesID=5c2d096b2b2af14b93929edf441db655 
Number of updated asset objects reloaded before import = 0Number of asset objects unloaded after import = 1

========================================================================
Received Import Request.
  Time since last request: 0.000028 seconds.
  path: Assets/TextMesh Pro/Examples & Extras/Resources/Fonts & Materials/Roboto-Bold SDF - Drop Shadow.mat
  importAddress: Guid(b246c4190f4e46ec9352fe15a7b09ce0) Importer(2089858483,b0f066a214c2f5e87bad3c948f4d605d)
Start importing Assets/TextMesh Pro/Examples & Extras/Resources/Fonts & Materials/Roboto-Bold SDF - Drop Shadow.mat using Guid(b246c4190f4e46ec9352fe15a7b09ce0) Importer(2089858483,b0f066a214c2f5e87bad3c948f4d605d) (ScriptedImporter) -> (Import Result ID: '44be479da293cdfae59c22a5d71e3e58') in 0.03496 seconds [static and dynamic dependencies]. Details - ImportResultOutputID=2d67c60e5f8c6ee75788c588455148a9 DependenciesID=4e90034ce0a8f584c40bca0974c6b73f StaticDependenciesID=1f7819d08b9d97a7ede0332930c651d2 
Number of updated asset objects reloaded before import = 0Number of asset objects unloaded after import = 2

========================================================================
Received Import Request.
  Time since last request: 0.000063 seconds.
  path: Assets/(6) CÓC KIỆN TRỜI/UI - chọn nhân vật/infor/gia tốc 2.png
  importAddress: Guid(ba5d0c9b5c9359d47abfa3a36aada01a) Importer(2089858483,b0f066a214c2f5e87bad3c948f4d605d)
Start importing Assets/(6) CÓC KIỆN TRỜI/UI - chọn nhân vật/infor/gia tốc 2.png using Guid(ba5d0c9b5c9359d47abfa3a36aada01a) Importer(2089858483,b0f066a214c2f5e87bad3c948f4d605d) (ScriptedImporter) -> (Import Result ID: '383c3cffad81db6f1bb18ddfa2639540') in 0.0624019 seconds [static and dynamic dependencies]. Details - ImportResultOutputID=2469af72a86f0e91a2a6dc662a208764 DependenciesID=913ac30faa9bf90ee9c150714c61c4ed StaticDependenciesID=21baed1664373e1c16d03992221e33fa 
Number of updated asset objects reloaded before import = 0Number of asset objects unloaded after import = 7

========================================================================
Received Import Request.
  Time since last request: 0.000031 seconds.
  path: Assets/TextMesh Pro/Examples & Extras/Textures/Fruit Jelly (B&W).jpg
  importAddress: Guid(1cdc5b506b1a4a33a53c30669ced1f51) Importer(2089858483,b0f066a214c2f5e87bad3c948f4d605d)
Start importing Assets/TextMesh Pro/Examples & Extras/Textures/Fruit Jelly (B&W).jpg using Guid(1cdc5b506b1a4a33a53c30669ced1f51) Importer(2089858483,b0f066a214c2f5e87bad3c948f4d605d) (ScriptedImporter) -> (Import Result ID: '0933926ae7d45d4c99d2a357a6607d19') in 0.02406 seconds [static and dynamic dependencies]. Details - ImportResultOutputID=9cf7194dc17d62f649daeedcd0c77282 DependenciesID=56ebc3d87273a5961c60fbffc31c0a7f StaticDependenciesID=09c0d433d7b8c36ad8c021f9a603a7fd 
Number of updated asset objects reloaded before import = 0Number of asset objects unloaded after import = 1

========================================================================
Received Import Request.
  Time since last request: 0.000039 seconds.
  path: Assets/TextMesh Pro/Examples & Extras/Materials/Crate - Surface Shader Scene.mat
  importAddress: Guid(e6b9b44320f4448d9d5e0ee634259966) Importer(2089858483,b0f066a214c2f5e87bad3c948f4d605d)
Start importing Assets/TextMesh Pro/Examples & Extras/Materials/Crate - Surface Shader Scene.mat using Guid(e6b9b44320f4448d9d5e0ee634259966) Importer(2089858483,b0f066a214c2f5e87bad3c948f4d605d) (ScriptedImporter) -> (Import Result ID: '61b9f2b11164d16ab45410422a653e94') in 0.0695747 seconds [static and dynamic dependencies]. Details - ImportResultOutputID=6615633fc8068ae09a3b0b9d16c71ede DependenciesID=48181ffd8dc8aa6a291faf435015a736 StaticDependenciesID=c45c6fb55d51a1dff50da40fb830d4ad 
Number of updated asset objects reloaded before import = 0Number of asset objects unloaded after import = 3

========================================================================
Received Import Request.
  Time since last request: 0.000049 seconds.
  path: Assets/Settings/Scenes/URP2DSceneTemplate.unity
  importAddress: Guid(2cda990e2423bbf4892e6590ba056729) Importer(2089858483,b0f066a214c2f5e87bad3c948f4d605d)
Start importing Assets/Settings/Scenes/URP2DSceneTemplate.unity using Guid(2cda990e2423bbf4892e6590ba056729) Importer(2089858483,b0f066a214c2f5e87bad3c948f4d605d) (ScriptedImporter) -> (Import Result ID: '5074c998cbfdf59dc243cb4419171c17') in 0.0326735 seconds [static and dynamic dependencies]. Details - ImportResultOutputID=1aa0bd61a2170e67efb13547aeb3651a DependenciesID=b383f95498550c1a85235f204e193303 StaticDependenciesID=42be838363dc3e52291f962dbeb3a9fa 
Number of updated asset objects reloaded before import = 0Number of asset objects unloaded after import = 1

========================================================================
Received Import Request.
  Time since last request: 0.000029 seconds.
  path: Assets/Script/MapSelectionUI.cs
  importAddress: Guid(df9a7a4d35d13e641876a840df516956) Importer(2089858483,b0f066a214c2f5e87bad3c948f4d605d)
Start importing Assets/Script/MapSelectionUI.cs using Guid(df9a7a4d35d13e641876a840df516956) Importer(2089858483,b0f066a214c2f5e87bad3c948f4d605d) (ScriptedImporter) -> (Import Result ID: '6c2988314a550356c7b12d94a3b9c532') in 0.0171437 seconds [static and dynamic dependencies]. Details - ImportResultOutputID=ffb5bab30fa822fa593d0b693db31928 DependenciesID=b3af6bd6c559c5598c55f07d03e8fe24 StaticDependenciesID=e5ddb77d00a961f5aa6e94a85aaf0032 
Number of updated asset objects reloaded before import = 0Number of asset objects unloaded after import = 0

========================================================================
Received Import Request.
  Time since last request: 0.000029 seconds.
  path: Assets/TextMesh Pro/Examples & Extras/Resources/Fonts & Materials/Unity SDF - HDRP LIT - Bloom.mat
  importAddress: Guid(8d176c01131de8f46ad61094e29d79b2) Importer(2089858483,b0f066a214c2f5e87bad3c948f4d605d)
Start importing Assets/TextMesh Pro/Examples & Extras/Resources/Fonts & Materials/Unity SDF - HDRP LIT - Bloom.mat using Guid(8d176c01131de8f46ad61094e29d79b2) Importer(2089858483,b0f066a214c2f5e87bad3c948f4d605d) (ScriptedImporter) -> (Import Result ID: 'b480bf2007138d37e1803c944db3ab56') in 0.0428189 seconds [static and dynamic dependencies]. Details - ImportResultOutputID=9d44ce80559ea55d9133e828ad245389 DependenciesID=b31e2c900363604feea46a47373400c6 StaticDependenciesID=b4bb332b6fc9647d524cdea688ce8976 
Number of updated asset objects reloaded before import = 0Number of asset objects unloaded after import = 3

========================================================================
Received Import Request.
  Time since last request: 0.000043 seconds.
  path: Assets/TextMesh Pro/Examples & Extras/Scenes/24 - Surface Shader Example.unity
  importAddress: Guid(8c4969fd8ba94a68b07cf11f3e7a5137) Importer(2089858483,b0f066a214c2f5e87bad3c948f4d605d)
Start importing Assets/TextMesh Pro/Examples & Extras/Scenes/24 - Surface Shader Example.unity using Guid(8c4969fd8ba94a68b07cf11f3e7a5137) Importer(2089858483,b0f066a214c2f5e87bad3c948f4d605d) (ScriptedImporter) -> (Import Result ID: 'b6f0869603e66da9e9713dcc7342afc5') in 0.030842 seconds [static and dynamic dependencies]. Details - ImportResultOutputID=9859e23f2e71b1a8a485f2cb41bf9640 DependenciesID=c9d796a21397a2fa34ccad652a6e59ce StaticDependenciesID=529f986e9de9d0043da5469d66ec1711 
Number of updated asset objects reloaded before import = 0Number of asset objects unloaded after import = 1

========================================================================
Received Import Request.
  Time since last request: 0.000044 seconds.
  path: Assets/TextMesh Pro/Examples & Extras/Scripts/VertexZoom.cs
  importAddress: Guid(52ec835d14bd486f900952b77698b7eb) Importer(2089858483,b0f066a214c2f5e87bad3c948f4d605d)
Start importing Assets/TextMesh Pro/Examples & Extras/Scripts/VertexZoom.cs using Guid(52ec835d14bd486f900952b77698b7eb) Importer(2089858483,b0f066a214c2f5e87bad3c948f4d605d) (ScriptedImporter) -> (Import Result ID: '482d998e2930e4012709db700d8b0cfc') in 0.0145183 seconds [static and dynamic dependencies]. Details - ImportResultOutputID=23ecc614c6b8780b2eaf0667de960a89 DependenciesID=7811d83fc74bcd87509c9990125a6a67 StaticDependenciesID=6dbc842e7a0a27f3c2113ff91446c254 
Number of updated asset objects reloaded before import = 0Number of asset objects unloaded after import = 0

========================================================================
Received Import Request.
  Time since last request: 0.000022 seconds.
  path: Assets/(6) CÓC KIỆN TRỜI/UI - ingame/000 overview 2.jpg
  importAddress: Guid(68e0b1272712a37479b60f6a25ba3778) Importer(2089858483,b0f066a214c2f5e87bad3c948f4d605d)
Start importing Assets/(6) CÓC KIỆN TRỜI/UI - ingame/000 overview 2.jpg using Guid(68e0b1272712a37479b60f6a25ba3778) Importer(2089858483,b0f066a214c2f5e87bad3c948f4d605d) (ScriptedImporter) -> (Import Result ID: '02609709f88e7f777f0c7276d74c99b0') in 0.0391248 seconds [static and dynamic dependencies]. Details - ImportResultOutputID=1dc1e6c7b15a2b0cebc19326504bd046 DependenciesID=d74f78e562bbd50faeff1bd3cdfb486b StaticDependenciesID=98078c96798782b047c2157ef37730ee 
Number of updated asset objects reloaded before import = 0Number of asset objects unloaded after import = 3

========================================================================
Received Import Request.
  Time since last request: 0.000032 seconds.
  path: Assets/Updated Assets/Coc Kien Troi/Sound/Lò xo.mp3
  importAddress: Guid(5681dfe06fca02a4392030934f30e979) Importer(2089858483,b0f066a214c2f5e87bad3c948f4d605d)
Start importing Assets/Updated Assets/Coc Kien Troi/Sound/Lò xo.mp3 using Guid(5681dfe06fca02a4392030934f30e979) Importer(2089858483,b0f066a214c2f5e87bad3c948f4d605d) (ScriptedImporter) -> (Import Result ID: '6593f92a55f5c285d1e0129cf4f64e1f') in 0.0310394 seconds [static and dynamic dependencies]. Details - ImportResultOutputID=e1bfb27ee897b8fb4391d02d07589870 DependenciesID=7e1d14c392fc95f16fd4e81d8f522f47 StaticDependenciesID=16411501783bb5953203e28ca05fc7a6 
Number of updated asset objects reloaded before import = 0Number of asset objects unloaded after import = 1

========================================================================
Received Import Request.
  Time since last request: 0.000025 seconds.
  path: Assets/Scenes/Map 2 Mai.unity
  importAddress: Guid(7ff89a3bcb038254ea49ef1703d54479) Importer(2089858483,b0f066a214c2f5e87bad3c948f4d605d)
Start importing Assets/Scenes/Map 2 Mai.unity using Guid(7ff89a3bcb038254ea49ef1703d54479) Importer(2089858483,b0f066a214c2f5e87bad3c948f4d605d) (ScriptedImporter) -> (Import Result ID: '547a2b379f55d6fa8a4e58387774ba5c') in 0.035356 seconds [static and dynamic dependencies]. Details - ImportResultOutputID=bf2794b9d42740000f0e335a0dd9facd DependenciesID=6c45fd305ead1145e6aefe8f0a7bee08 StaticDependenciesID=809e4e3801e3ceccd851c8ce03c7fb0a 
Number of updated asset objects reloaded before import = 0Number of asset objects unloaded after import = 1

========================================================================
Received Import Request.
  Time since last request: 0.000053 seconds.
  path: Assets/TextMesh Pro/Shaders/TMP_SDF SSD.shader
  importAddress: Guid(14eb328de4b8eb245bb7cea29e4ac00b) Importer(2089858483,b0f066a214c2f5e87bad3c948f4d605d)
Start importing Assets/TextMesh Pro/Shaders/TMP_SDF SSD.shader using Guid(14eb328de4b8eb245bb7cea29e4ac00b) Importer(2089858483,b0f066a214c2f5e87bad3c948f4d605d) (ScriptedImporter) -> (Import Result ID: '3a730b92e8563c9f68f80e485e0e57d1') in 0.0175512 seconds [static and dynamic dependencies]. Details - ImportResultOutputID=ea6d867a6d73afadc962c9c684bffbbf DependenciesID=c7bccd31c37afd7d4cd6101990869786 StaticDependenciesID=bb6ef00354f6778039c0c06cdd96860e 
Number of updated asset objects reloaded before import = 0Number of asset objects unloaded after import = 1

========================================================================
Received Import Request.
  Time since last request: 0.000022 seconds.
  path: Assets/Checkpoint.cs
  importAddress: Guid(639e8c7f3a341964093098432bbb3ae6) Importer(2089858483,b0f066a214c2f5e87bad3c948f4d605d)
Start importing Assets/Checkpoint.cs using Guid(639e8c7f3a341964093098432bbb3ae6) Importer(2089858483,b0f066a214c2f5e87bad3c948f4d605d) (ScriptedImporter) -> (Import Result ID: 'a0826c3cf3bcf3a81f0ab0a441b080f0') in 0.0135171 seconds [static and dynamic dependencies]. Details - ImportResultOutputID=672e297dace3f2ad6d722673b56d3591 DependenciesID=b7bba515138d1a712b25a7f9e01e74e2 StaticDependenciesID=0d8ec6e0aa093a9927fd3e8e8ebd868e 
Number of updated asset objects reloaded before import = 0Number of asset objects unloaded after import = 0

========================================================================
Received Import Request.
  Time since last request: 0.000019 seconds.
  path: Assets/TextMesh Pro/Shaders/TMPro.cginc
  importAddress: Guid(407bc68d299748449bbf7f48ee690f8d) Importer(2089858483,b0f066a214c2f5e87bad3c948f4d605d)
Start importing Assets/TextMesh Pro/Shaders/TMPro.cginc using Guid(407bc68d299748449bbf7f48ee690f8d) Importer(2089858483,b0f066a214c2f5e87bad3c948f4d605d) (ScriptedImporter) -> (Import Result ID: 'ab2585f6e65986222f4688858ce464a7') in 0.0228749 seconds [static and dynamic dependencies]. Details - ImportResultOutputID=247edb98b35073f8f3ad9dbfcd41738b DependenciesID=a577a2d3a916ca36135248c4c0508cbd StaticDependenciesID=664a41d60f00f13eb4108945d271529c 
Number of updated asset objects reloaded before import = 0Number of asset objects unloaded after import = 1

========================================================================
Received Import Request.
  Time since last request: 0.000023 seconds.
  path: Assets/TextMesh Pro/Examples & Extras/Textures/Wipe Pattern - Diagonal.psd
  importAddress: Guid(ed5290d8df18488780e2996b9b882f01) Importer(2089858483,b0f066a214c2f5e87bad3c948f4d605d)
Start importing Assets/TextMesh Pro/Examples & Extras/Textures/Wipe Pattern - Diagonal.psd using Guid(ed5290d8df18488780e2996b9b882f01) Importer(2089858483,b0f066a214c2f5e87bad3c948f4d605d) (ScriptedImporter) -> (Import Result ID: '1c73ec2e79e6b954a84b78083e261730') in 0.0274556 seconds [static and dynamic dependencies]. Details - ImportResultOutputID=b8d41de410d5855fa14eae5a040c0a73 DependenciesID=ac0e78c3586f3a10fee127f659793632 StaticDependenciesID=8bae053e565e2eae13d96f0e1c685fbb 
Number of updated asset objects reloaded before import = 0Number of asset objects unloaded after import = 1

========================================================================
Received Import Request.
  Time since last request: 0.000040 seconds.
  path: Assets/TextMesh Pro/Examples & Extras/Resources/Fonts & Materials/Anton SDF.asset
  importAddress: Guid(8a89fa14b10d46a99122fd4f73fca9a2) Importer(2089858483,b0f066a214c2f5e87bad3c948f4d605d)
Start importing Assets/TextMesh Pro/Examples & Extras/Resources/Fonts & Materials/Anton SDF.asset using Guid(8a89fa14b10d46a99122fd4f73fca9a2) Importer(2089858483,b0f066a214c2f5e87bad3c948f4d605d) (ScriptedImporter) -> (Import Result ID: '9e3bb6ce5b8959a40d91d3e456d64613') in 0.0239327 seconds [static and dynamic dependencies]. Details - ImportResultOutputID=e2731817897b603974cd83775094de69 DependenciesID=6bf692ba1c76b5abecc186a5194c1ac9 StaticDependenciesID=83ee062929acababf0785bb0cea2eec9 
Number of updated asset objects reloaded before import = 0Number of asset objects unloaded after import = 5

========================================================================
Received Import Request.
  Time since last request: 0.000016 seconds.
  path: Assets/TextMesh Pro/Examples & Extras/Scenes/06 - Extra Rich Text Examples.unity
  importAddress: Guid(39a1fa96ad2a449b908fca29d4297a74) Importer(2089858483,b0f066a214c2f5e87bad3c948f4d605d)
Start importing Assets/TextMesh Pro/Examples & Extras/Scenes/06 - Extra Rich Text Examples.unity using Guid(39a1fa96ad2a449b908fca29d4297a74) Importer(2089858483,b0f066a214c2f5e87bad3c948f4d605d) (ScriptedImporter) -> (Import Result ID: '58f3c6894a026c7b4fc0a0ec163cf925') in 0.0241181 seconds [static and dynamic dependencies]. Details - ImportResultOutputID=7fdfd353048c5d1cad2cb597702e76c3 DependenciesID=99792403be8d31145c3f452891d7d1ec StaticDependenciesID=bcc003b8af3ede96d2bd52c263a73628 
Number of updated asset objects reloaded before import = 0Number of asset objects unloaded after import = 1

Editor requested this worker to shutdown with reason: Scaling down because of idle timeout
AssetImportWorker is now disconnected from the server
Process exiting
Exiting without the bug reporter. Application will terminate with return code 0